<?xml version="1.0" encoding="utf-8" ?>
<result>
	<row>
		<label>Unknown</label>
		<nb_visits>23</nb_visits>
		<nb_actions>24</nb_actions>
		<max_actions>2</max_actions>
		<sum_visit_length>242</sum_visit_length>
		<bounce_count>22</bounce_count>
		<goals>
			<row idgoal='1'>
				<nb_conversions>20</nb_conversions>
				<nb_visits_converted>20</nb_visits_converted>
				<revenue>100</revenue>
			</row>
		</goals>
		<nb_conversions>20</nb_conversions>
		<revenue>100</revenue>
		<sum_daily_nb_uniq_visitors>23</sum_daily_nb_uniq_visitors>
		<sum_daily_nb_users>1</sum_daily_nb_users>
		<nb_visits_converted>0</nb_visits_converted>
		<segment>deviceBrand==Unknown;deviceModel==</segment>
	</row>
	<row>
		<label>Apple - Unknown</label>
		<nb_visits>17</nb_visits>
		<nb_actions>21</nb_actions>
		<max_actions>3</max_actions>
		<sum_visit_length>307</sum_visit_length>
		<bounce_count>14</bounce_count>
		<goals>
			<row idgoal='1'>
				<nb_conversions>16</nb_conversions>
				<nb_visits_converted>16</nb_visits_converted>
				<revenue>80</revenue>
			</row>
		</goals>
		<nb_conversions>16</nb_conversions>
		<revenue>80</revenue>
		<sum_daily_nb_uniq_visitors>15</sum_daily_nb_uniq_visitors>
		<sum_daily_nb_users>1</sum_daily_nb_users>
		<segment>deviceBrand==Apple;deviceModel==</segment>
	</row>
	<row>
		<label>HTC - Vision</label>
		<nb_visits>2</nb_visits>
		<nb_actions>2</nb_actions>
		<max_actions>1</max_actions>
		<sum_visit_length>0</sum_visit_length>
		<bounce_count>2</bounce_count>
		<goals>
			<row idgoal='1'>
				<nb_conversions>2</nb_conversions>
				<nb_visits_converted>2</nb_visits_converted>
				<revenue>10</revenue>
			</row>
		</goals>
		<nb_conversions>2</nb_conversions>
		<revenue>10</revenue>
		<sum_daily_nb_uniq_visitors>2</sum_daily_nb_uniq_visitors>
		<sum_daily_nb_users>0</sum_daily_nb_users>
		<segment>deviceBrand==HTC;deviceModel==Vision</segment>
	</row>
	<row>
		<label>Apple - iPhone</label>
		<nb_visits>1</nb_visits>
		<nb_actions>1</nb_actions>
		<max_actions>1</max_actions>
		<sum_visit_length>0</sum_visit_length>
		<bounce_count>1</bounce_count>
		<goals>
			<row idgoal='1'>
				<nb_conversions>1</nb_conversions>
				<nb_visits_converted>1</nb_visits_converted>
				<revenue>5</revenue>
			</row>
		</goals>
		<nb_conversions>1</nb_conversions>
		<revenue>5</revenue>
		<sum_daily_nb_uniq_visitors>1</sum_daily_nb_uniq_visitors>
		<sum_daily_nb_users>0</sum_daily_nb_users>
		<segment>deviceBrand==Apple;deviceModel==iPhone</segment>
	</row>
	<row>
		<label>Samsung - GALAXY S5</label>
		<nb_visits>1</nb_visits>
		<nb_actions>3</nb_actions>
		<max_actions>3</max_actions>
		<sum_visit_length>2</sum_visit_length>
		<bounce_count>0</bounce_count>
		<goals>
			<row idgoal='1'>
				<nb_conversions>1</nb_conversions>
				<nb_visits_converted>1</nb_visits_converted>
				<revenue>5</revenue>
			</row>
		</goals>
		<nb_conversions>1</nb_conversions>
		<revenue>5</revenue>
		<sum_daily_nb_uniq_visitors>1</sum_daily_nb_uniq_visitors>
		<sum_daily_nb_users>1</sum_daily_nb_users>
		<segment>deviceBrand==Samsung;deviceModel==GALAXY+S5</segment>
	</row>
</result>